---
source: tests/corpus.rs
expression: doc
input_file: sources/高知大学学生交流規則.pdf
---
{
  "title": "高知大学学生交流規則",
  "enacted": "平成25年３月27日 規  則  第 109 号",
  "last_amended": "最終改正  令和８年２月 13 日規則第 74 号 高知大学学生交流規則（平成 16 年規則第 139 号）の全部を改正する。",
  "body": [
    {
      "type": "chapter",
      "number": 1,
      "title": "総則",
      "children": [
        {
          "type": "article",
          "number": {
            "article": 1,
            "branch": null
          },
          "title": "趣旨",
          "paragraphs": [
            {
              "number": 1,
              "text": "この規則は、高知大学学則第22条第２項、第24条第２項、第49条第５項、第50条第３項、第65条第５項及び第66条第３項の規定に基づき、必要な事項を定める。",
              "items": []
            }
          ]
        },
        {
          "type": "article",
          "number": {
            "article": 2,
            "branch": null
          },
          "title": "定義",
          "paragraphs": [
            {
              "number": 1,
              "text": "この規則において「特別研究学生」とは、他の大学院の学生で当該大学院の教育課程の一環として高知大学（以下「本学」という｡）大学院の研究科（学内共同利用施設及び海洋コア国際研究所を含む。）において研究指導を受けようとする者をいう。",
              "items": []
            },
            {
              "number": 2,
              "text": "この規則において「特別聴講学生」とは、他の大学の学生で当該大学の教育課程の一環として本学の授業科目（開設大学以外の大学の学生を履修対象とする教育プログラムを含む。以下同じ。）を履修しようとする者をいう。",
              "items": []
            },
            {
              "number": 3,
              "text": "この規則において「聴講派遣学生」とは、本学の教育課程の一環として他の大学の授業科目を履修しようとする本学の学生をいう。",
              "items": []
            },
            {
              "number": 4,
              "text": "この規則において「研究派遣学生」とは、本学の教育課程の一環として他の大学院等の研究指導を受けようとする本学大学院の学生をいう。",
              "items": []
            },
            {
              "number": 5,
              "text": "この規則において「他の大学」とは、本学と学生の交流を行う学校教育法（昭和22年法律第26号）第１条に定める大学、高等専門学校及び外国の大学（外国における正規の高等教育機関で学位授与権を有するもの及び我が国における大学又は短期大学に相当する教育研究機関をいう。以下同じ｡）をいい、次項に定める他の大学院を含むものとする。",
              "items": []
            },
            {
              "number": 6,
              "text": "この規則において「他の大学院」とは、本学と学生の交流を行う学校教育法第１条に定める大学の大学院、外国の大学院及び国際連合大学本部に関する国際連合と日本国との間の協定の実施に伴う特別措置法（昭和51年法律第72号）第１条第２項に規定する国際連合大学をいう。",
              "items": []
            },
            {
              "number": 7,
              "text": "この規則において「本学の部局」とは、各学部、総合人間自然科学研究科及び各専攻並びに学内共同利用施設及び海洋コア国際研究所をいう。",
              "items": []
            }
          ]
        },
        {
          "type": "article",
          "number": {
            "article": 3,
            "branch": null
          },
          "title": "大学間協議",
          "paragraphs": [
            {
              "number": 1,
              "text": "学生の交流にあたっては、本学と他の大学との間（相互の機関において部局の場合を含む。）で、あらかじめ次に掲げる事項について協議（学生交流協定又は単位互換協定が成立している場合にあっては、学生受入大学からの実施要項等の提示に対する学生派遣大学からの申請をもって協議とみなす。以下「大学間協議」という｡）を行う。",
              "items": [
                {
                  "number": 1,
                  "text": "授業科目の範囲（特別聴講学生及び聴講派遣学生に限る。）"
                },
                {
                  "number": 2,
                  "text": "学生数"
                },
                {
                  "number": 3,
                  "text": "研究指導計画（特別研究学生及び研究派遣学生に限る。）"
                },
                {
                  "number": 4,
                  "text": "授業料等費用の取扱い方法"
                },
                {
                  "number": 5,
                  "text": "その他必要な事項"
                }
              ]
            },
            {
              "number": 2,
              "text": "３か月未満で行われる短期の授業科目の履修を目的とする場合にあっては、前項第２号に定める学生数を、学生交流協定による人数制限とは別に規定することができるものとする。",
              "items": []
            },
            {
              "number": 3,
              "text": "第１項の大学間協議は、学部教授会、研究科委員会、国際連携推進委員会又はその他本学の部局における会議（以下「学部教授会等」という。）における審議を経なければならない。",
              "items": []
            }
          ]
        }
      ]
    },
    {
      "type": "chapter",
      "number": 2,
      "title": "特別研究学生",
      "children": [
        {
          "type": "article",
          "number": {
            "article": 4,
            "branch": null
          },
          "title": "受入れ",
          "paragraphs": [
            {
              "number": 1,
              "text": "特別研究学生の受入れは、原則として前条に定める大学間協議が成立したものについて行う。",
              "items": []
            }
          ]
        },
        {
          "type": "article",
          "number": {
            "article": 5,
            "branch": null
          },
          "title": "出願手続",
          "paragraphs": [
            {
              "number": 1,
              "text": "特別研究学生を志望する者は、次の各号に掲げる書類を、原則として入学を希望する日の２か月前（外国の他の大学の学生は、原則として６か月前）までに所属の他の大学の長（部局の長を含む。以下同じ。）を通じて学長に提出しなければならない。",
              "items": [
                {
                  "number": 1,
                  "text": "特別研究学生願"
                },
                {
                  "number": 2,
                  "text": "在学証明書及び成績証明書"
                },
                {
                  "number": 3,
                  "text": "所属の他の大学の長の推薦書"
                },
                {
                  "number": 4,
                  "text": "その他必要と認められる書類"
                }
              ]
            }
          ]
        },
        {
          "type": "article",
          "number": {
            "article": 6,
            "branch": null
          },
          "title": "受入れの許可",
          "paragraphs": [
            {
              "number": 1,
              "text": "特別研究学生の受入許可は、他の大学の長からの依頼に基づき、学部教授会等の議を経て、学長が行う。",
              "items": []
            },
            {
              "number": 2,
              "text": "学長は、特別研究学生の受入れを許可したときは、当該他の大学の長を経て本人に通知するものとする。",
              "items": []
            }
          ]
        },
        {
          "type": "article",
          "number": {
            "article": 7,
            "branch": null
          },
          "title": "学生証",
          "paragraphs": [
            {
              "number": 1,
              "text": "特別研究学生は、所定の学生証の交付を受けて、常時携帯しなければならない。",
              "items": []
            }
          ]
        },
        {
          "type": "article",
          "number": {
            "article": 8,
            "branch": null
          },
          "title": "研究期間",
          "paragraphs": [
            {
              "number": 1,
              "text": "特別研究学生の研究期間は、通算して１年を超えないものとする。ただし、博士課程の特別研究学生で、引き続き研究指導を希望する者は、所属の他の大学の長と協議の上、１年を限度として期間を延長することができる。",
              "items": []
            }
          ]
        },
        {
          "type": "article",
          "number": {
            "article": 9,
            "branch": null
          },
          "title": "研究の終了",
          "paragraphs": [
            {
              "number": 1,
              "text": "研究を終了した特別研究学生は、研究科長に研究終了報告書を提出するものとする。",
              "items": []
            },
            {
              "number": 2,
              "text": "研究科長は、前項の研究終了報告書を提出した者から申し出があったときは、研究証明書を交付するものとする。",
              "items": []
            }
          ]
        },
        {
          "type": "article",
          "number": {
            "article": 10,
            "branch": null
          },
          "title": "授業料等の費用",
          "paragraphs": [
            {
              "number": 1,
              "text": "特別研究学生に係る検定料及び入学料は、徴収しない。",
              "items": []
            },
            {
              "number": 2,
              "text": "特別研究学生が国立大学法人法（平成 15 年法律第 112 号）第２条第２項に定義された国立大学の学生である場合には、本学での授業料は徴収しない。",
              "items": []
            },
            {
              "number": 3,
              "text": "前項に規定する以外の特別研究学生から徴収する授業料は、国立大学法人高知大学における授業料等費用に関する規則（平成 16 年規則第 83 号）に定める研究生の規定を準用する。ただし、大学間協議において授業料の不徴収が定められている場合には、授業料は徴収しない。",
              "items": []
            },
            {
              "number": 4,
              "text": "納入した授業料は、還付しない。",
              "items": []
            },
            {
              "number": 5,
              "text": "実験、実習に要する費用は、特別研究学生の負担とすることがある。",
              "items": []
            }
          ]
        },
        {
          "type": "article",
          "number": {
            "article": 11,
            "branch": null
          },
          "title": "受入許可の取消し",
          "paragraphs": [
            {
              "number": 1,
              "text": "学長は、特別研究学生が次の各号の一に該当するときは、所属の他の大学の長と協議の上、受入れの許可を取り消すことがある。",
              "items": [
                {
                  "number": 1,
                  "text": "研究の見込みがないと認められるとき。"
                },
                {
                  "number": 2,
                  "text": "特別研究学生として、その本分に反する行為があると認められるとき。"
                }
              ]
            }
          ]
        }
      ]
    },
    {
      "type": "chapter",
      "number": 3,
      "title": "特別聴講学生",
      "children": [
        {
          "type": "article",
          "number": {
            "article": 12,
            "branch": null
          },
          "title": "準用規定",
          "paragraphs": [
            {
              "number": 1,
              "text": "第４条、第６条、第７条、第 10 条及び第 11 条の規定は、特別聴講学生に準用する。この場合において、第４条、第６条、第７条、第 10 条及び第 11 条中「特別研究学生」とあるのは「特別聴講学生」と、第 10 条第３項中「研究生」とあるのは「科目等履修生」と、第 11 条第１号中「研究」とあるのは「履修」と読み替えるものとする。",
              "items": []
            }
          ]
        },
        {
          "type": "article",
          "number": {
            "article": 13,
            "branch": null
          },
          "title": "出願手続",
          "paragraphs": [
            {
              "number": 1,
              "text": "特別聴講学生を志望する者は、次の各号に掲げる書類を、原則として入学を希望する日の２か月前（外国の他の大学の学生は、原則として６か月前）までに所属の他の大学の長を通じて学長に提出しなければならない。",
              "items": [
                {
                  "number": 1,
                  "text": "特別聴講学生願"
                },
                {
                  "number": 2,
                  "text": "所属の他の大学の長の推薦書"
                },
                {
                  "number": 3,
                  "text": "その他必要と認められる書類"
                }
              ]
            }
          ]
        },
        {
          "type": "article",
          "number": {
            "article": 14,
            "branch": null
          },
          "title": "授業科目履修の範囲",
          "paragraphs": [
            {
              "number": 1,
              "text": "特別聴講学生は、大学間協議に基づき、本学の授業科目を学部では 60 単位、大学院修士課程では 10 単位、専門職学位課程では 14 単位を超えない範囲で履修できるものとする。",
              "items": []
            }
          ]
        },
        {
          "type": "article",
          "number": {
            "article": 15,
            "branch": null
          },
          "title": "履修期間",
          "paragraphs": [
            {
              "number": 1,
              "text": "学生交流協定に基づく特別聴講学生の履修期間は、１年間を限度とする。ただし、学長が必要と認めたときは、所属の他の大学の長と協議の上、更に１年以内の期間延長をすることができる。",
              "items": []
            },
            {
              "number": 2,
              "text": "前項の履修期間は、通算して２年を超えることはできない。",
              "items": []
            },
            {
              "number": 3,
              "text": "３か月未満で行われる短期の授業科目の履修を目的とする場合及び単位互換協定に基づく特別聴講学生には、前２項の規定は適用しない。",
              "items": []
            }
          ]
        },
        {
          "type": "article",
          "number": {
            "article": 16,
            "branch": null
          },
          "title": "学業成績証明書等",
          "paragraphs": [
            {
              "number": 1,
              "text": "本学は、特別聴講学生の学業成績証明書又は履修証明書を所属の他の大学の長に送付するものとする。",
              "items": []
            }
          ]
        }
      ]
    },
    {
      "type": "chapter",
      "number": 4,
      "title": "聴講派遣学生",
      "children": [
        {
          "type": "article",
          "number": {
            "article": 17,
            "branch": null
          },
          "title": "準用規定",
          "paragraphs": [
            {
              "number": 1,
              "text": "第４条及び第 15 条の規定は、聴講派遣学生に準用する。この場合において、第４条及び第 15 条の規定中「特別研究学生」とあり、及び「特別聴講学生」とあるのは「聴講派遣学生」と、第４条中「受入れ」とあるのは「派遣」と読み替えるものとする。",
              "items": []
            }
          ]
        },
        {
          "type": "article",
          "number": {
            "article": 18,
            "branch": null
          },
          "title": "出願手続",
          "paragraphs": [
            {
              "number": 1,
              "text": "派遣を希望する者は、所定の願書に大学間協議により決定した事項を記載した書類を添えて、学長に願い出なければならない。",
              "items": []
            },
            {
              "number": 2,
              "text": "出願の時期は、大学間協議の定めるところによる。",
              "items": []
            }
          ]
        },
        {
          "type": "article",
          "number": {
            "article": 19,
            "branch": null
          },
          "title": "派遣の許可",
          "paragraphs": [
            {
              "number": 1,
              "text": "学長は、他の大学への派遣の願い出があったときは、学部教授会等の議を経た上で、当該他の大学の長の承認を経て、派遣を許可する。",
              "items": []
            }
          ]
        },
        {
          "type": "article",
          "number": {
            "article": 20,
            "branch": null
          },
          "title": "在学期間への算入",
          "paragraphs": [
            {
              "number": 1,
              "text": "聴講派遣学生としての履修期間は、本学の在学期間に含めるものとする。",
              "items": []
            }
          ]
        },
        {
          "type": "article",
          "number": {
            "article": 21,
            "branch": null
          },
          "title": "履修報告書等の提出",
          "paragraphs": [
            {
              "number": 1,
              "text": "学生交流協定に基づく聴講派遣学生は、履修期間が終了したときは、速やかに（外国の他の大学へ留学した学生については、帰国した日から１か月以内に）所属学部長又は研究科長を経て学長に履修報告書（関係書類を含む｡）を提出しなければならない。",
              "items": []
            }
          ]
        },
        {
          "type": "article",
          "number": {
            "article": 22,
            "branch": null
          },
          "title": "単位の認定",
          "paragraphs": [
            {
              "number": 1,
              "text": "聴講派遣学生が他の大学で修得した単位は、学部では 60 単位（医学部にあっては、30 単位）、大学院修士課程では 10 単位、専門職学位課程では 14 単位を超えない範囲で本学で修得したものとして認定することができる。",
              "items": []
            },
            {
              "number": 2,
              "text": "単位の認定は、他の大学の長から送付された学業成績証明書（これに代わる証明書類を含む。）により聴講派遣学生が所属する本学の部局において行う。",
              "items": []
            }
          ]
        },
        {
          "type": "article",
          "number": {
            "article": 23,
            "branch": null
          },
          "title": "授業料等",
          "paragraphs": [
            {
              "number": 1,
              "text": "聴講派遣学生は、本学の学生としての授業料は、納入しなければならない。",
              "items": []
            },
            {
              "number": 2,
              "text": "聴講派遣学生を受入れる他の大学における授業料等の諸費用については、大学間協議の定めるところによる。",
              "items": []
            }
          ]
        },
        {
          "type": "article",
          "number": {
            "article": 24,
            "branch": null
          },
          "title": "派遣許可の取消し",
          "paragraphs": [
            {
              "number": 1,
              "text": "学長は、聴講派遣学生が次の各号の一に該当するときは、派遣先の他の大学の長と協議の上、派遣の許可を取り消すことがある。",
              "items": [
                {
                  "number": 1,
                  "text": "履修の見込みがないと認められるとき。"
                },
                {
                  "number": 2,
                  "text": "聴講派遣学生として、その本分に反する行為があると認められるとき。"
                },
                {
                  "number": 3,
                  "text": "授業料等の納入を怠り、又は派遣の趣旨に反する行為があると認められるとき。"
                }
              ]
            }
          ]
        }
      ]
    },
    {
      "type": "chapter",
      "number": 5,
      "title": "研究派遣学生",
      "children": [
        {
          "type": "article",
          "number": {
            "article": 25,
            "branch": null
          },
          "title": "準用規定",
          "paragraphs": [
            {
              "number": 1,
              "text": "第４条、第８条、第 18 条から第 21 条まで及び前２条の規定は、研究派遣学生に準用する。この場合において、第４条、第８条、第 20 条、第 21 条及び前２条の規定中「特別研究学生」とあり、及び「聴講派遣学生」とあるのは「研究派遣学生」と、第４条中「受入れ」とあるのは「派遣」と、第 20 条及び第 21 条中「履修期間」とあるのは「研究期間」と、第 21 条中「履修報告書」とあるのは「研究報告書」と、第 24 条第１号中「履修」とあるのは「研究」と読み替えるものとする。",
              "items": []
            }
          ]
        }
      ]
    },
    {
      "type": "chapter",
      "number": 6,
      "title": "雑則",
      "children": [
        {
          "type": "article",
          "number": {
            "article": 26,
            "branch": null
          },
          "title": "その他",
          "paragraphs": [
            {
              "number": 1,
              "text": "この規則に定めるもののほか、この規則の実施に関し必要な事項は、別に定める。",
              "items": []
            }
          ]
        }
      ]
    }
  ],
  "supplementary_provisions": [
    {
      "ordinal": 1,
      "heading_raw": "附  則",
      "raw_text": "１  この規則は、平成 25 年３月 27 日から施行する。\n２  高知大学大学院特別研究学生規則（平成 16 年規則第 316 号）は、廃止する。",
      "references_tables": []
    },
    {
      "ordinal": 2,
      "heading_raw": "附  則（平成29年11月27日規則第31号）",
      "raw_text": "この規則は、平成30年４月１日から施行する。",
      "references_tables": []
    },
    {
      "ordinal": 3,
      "heading_raw": "附  則（令和７年５月９日規則第13号）",
      "raw_text": "この規則は、令和７年５月９日から施行する。",
      "references_tables": []
    },
    {
      "ordinal": 4,
      "heading_raw": "附  則（令和８年２月13日規則第74号）",
      "raw_text": "この規則は、令和８年４月１日から施行する。",
      "references_tables": []
    }
  ],
  "appended_tables": []
}
