---
source: tests/corpus.rs
expression: doc
input_file: sources/高知大学授業料・寄宿料免除及び授業料徴収猶予規則.pdf
---
{
  "title": "高知大学授業料・寄宿料免除及び授業料徴収猶予規則",
  "enacted": "平成16年４月１日 規則第146号",
  "last_amended": "最終改正  令和７年４月21日規則第10号",
  "body": [
    {
      "type": "chapter",
      "number": 1,
      "title": "総則",
      "children": [
        {
          "type": "article",
          "number": {
            "article": 1,
            "branch": null
          },
          "title": "趣旨",
          "paragraphs": [
            {
              "number": 1,
              "text": "この規則は、高知大学学則第80条第２項及び第３項並びに第82条第３項の規定に基づき、学部学生及び大学院学生（研究生、科目等履修生、特別聴講学生及び特別研究学生を除く。）（以下「学生」という｡）に対する授業料・寄宿料の免除及び授業料の徴収猶予に関し、別に定めるもののほか、必要な事項を定める。",
              "items": []
            }
          ]
        }
      ]
    },
    {
      "type": "chapter",
      "number": 2,
      "title": "授業料の免除",
      "children": [
        {
          "type": "section",
          "number": 1,
          "title": "経済的理由による免除",
          "children": [
            {
              "type": "article",
              "number": {
                "article": 2,
                "branch": null
              },
              "title": "免除の許可",
              "paragraphs": [
                {
                  "number": 1,
                  "text": "学長は、経済的理由によって授業料の納付が困難であり、かつ、学業優秀と認められる場合は、学生の申請に基づき、高知大学学生支援委員会（以下「学生支援委員会」という。）の議を経て授業料の免除を許可することができる。 ただし、令和２年度以降に入学した学部学生は対象としない。",
                  "items": []
                }
              ]
            },
            {
              "type": "article",
              "number": {
                "article": 3,
                "branch": null
              },
              "title": "免除の額",
              "paragraphs": [
                {
                  "number": 1,
                  "text": "免除の額は、各期分の授業料についてその全額又は一部とする。",
                  "items": []
                }
              ]
            },
            {
              "type": "article",
              "number": {
                "article": 4,
                "branch": null
              },
              "title": "申請の手続",
              "paragraphs": [
                {
                  "number": 1,
                  "text": "授業料の免除を受けようとする者は、当該年度に定める所定の期日までに、所定の申請書に関係書類を添えて、学長に提出しなければならない。",
                  "items": []
                },
                {
                  "number": 2,
                  "text": "申請書の様式は、教育を担当する理事が別に定める。",
                  "items": []
                }
              ]
            },
            {
              "type": "article",
              "number": {
                "article": 5,
                "branch": null
              },
              "title": "免除申請者の徴収猶予等",
              "paragraphs": [
                {
                  "number": 1,
                  "text": "第４条の規定に基づき、授業料の免除申請をした者に対しては、免除に係る決定を通知するまでの間、授業料の徴収を猶予する。",
                  "items": []
                },
                {
                  "number": 2,
                  "text": "前項の規定により授業料の徴収を猶予された者で、授業料の一部免除を許可された者及び免除を許可されなかった者は、決定通知の日から起算して21日以内に所定の授業料を納入しなければならない。",
                  "items": []
                }
              ]
            },
            {
              "type": "article",
              "number": {
                "article": 6,
                "branch": null
              },
              "title": "許可の取消し",
              "paragraphs": [
                {
                  "number": 1,
                  "text": "学長は、授業料の免除の許可をした者で、次の各号の一に該当すると認められる場合は、学生支援委員会の議を経て、許可を取り消すものとする。",
                  "items": [
                    {
                      "number": 1,
                      "text": "虚偽の申請によって許可を受けたことが明らかになったとき。"
                    },
                    {
                      "number": 2,
                      "text": "免除の理由が消滅したとき。"
                    },
                    {
                      "number": 3,
                      "text": "その他許可の取消しを適当と認められる理由が生じたとき。"
                    }
                  ]
                }
              ]
            }
          ]
        },
        {
          "type": "section",
          "number": 1,
          "title": "の２削除",
          "children": [
            {
              "type": "article",
              "number": {
                "article": 6,
                "branch": 2
              },
              "title": null,
              "paragraphs": [
                {
                  "number": 1,
                  "text": "削除",
                  "items": []
                }
              ]
            }
          ]
        },
        {
          "type": "section",
          "number": 1,
          "title": "の３大学等における修学の支援に関する法律に基づく修学の支援を",
          "children": [
            {
              "type": "article",
              "number": {
                "article": 6,
                "branch": 3
              },
              "title": null,
              "paragraphs": [
                {
                  "number": 1,
                  "text": "大学等における修学の支援に関する法律（令和元年法律第８号）、大学等における修学の支援に関する法律施行令（令和元年政令第49号）及び大学等における修学の支援に関する法律施行規則（令和元年文部科学省令第６号）（以下「関係法令」という。）の規定に基づき、大学等における修学の支援に関する法律第 ４条に規定される授業料等減免対象者として認定を受けた者は、関係法令の規定に基づき算定された額について授業料の減免を受けることができる。",
                  "items": []
                },
                {
                  "number": 2,
                  "text": "本学が大学等における修学の支援に関する法律第２条第４項に規定される確認大学等として行う認定については、関係法令に定めるもののほか、第２条、第４条第１項、第５条及び第６条の規定を準用して行うものとする。",
                  "items": []
                }
              ]
            }
          ]
        },
        {
          "type": "section",
          "number": 2,
          "title": "やむを得ない事情による免除",
          "children": [
            {
              "type": "article",
              "number": {
                "article": 7,
                "branch": null
              },
              "title": "休学の場合",
              "paragraphs": [
                {
                  "number": 1,
                  "text": "学生の休学を許可した場合は、月割計算により休学当月の翌月（ただし、月の初日から休学を許可された場合は、休学当月）から復学当月の前月までの授業料を免除する。ただし、授業料の納付期限経過後に学生（授業料の徴収を猶予している学生を除く｡）の休学を許可した場合は、その期の授業料については、免除しない。",
                  "items": []
                }
              ]
            },
            {
              "type": "article",
              "number": {
                "article": 8,
                "branch": null
              },
              "title": "死亡又は行方不明の場合",
              "paragraphs": [
                {
                  "number": 1,
                  "text": "死亡又は行方不明のため除籍した場合は、未納の授業料の全額を免除する。",
                  "items": []
                }
              ]
            },
            {
              "type": "article",
              "number": {
                "article": 9,
                "branch": null
              },
              "title": "学資負担者の死亡又は災害等による場合",
              "paragraphs": [
                {
                  "number": 1,
                  "text": "次の各号の一に該当する特別な事情により納付が著しく困難であると認められる場合は、当該事由の発生した日の属する期の翌期に納付すべき授業料を免除することができる。ただし、当該事由発生の時期が当該期の授業料の納付期限以前であり、かつ、当該学生が当該期分の授業料を納付していない場合においては、当該期分の授業料を免除することができる。",
                  "items": [
                    {
                      "number": 1,
                      "text": "授業料の各期ごとの納期前６か月以内（新入学者に対する入学した日の属する期分の免除については、入学前１年以内）において、学生（令和２年度以降に入学した学部学生を除く。）の学資を主として負担している者（以下「学資負担者」という。）が死亡した場合"
                    },
                    {
                      "number": 2,
                      "text": "授業料の各期ごとの納期前６か月以内（新入学者に対する入学した日の属する期分の免除については、入学前１年以内）において、学生又は学資負担者が風水害等の災害を受けた場合"
                    },
                    {
                      "number": 3,
                      "text": "前２号に準ずる場合であって、学長が相当と認める事由がある場合"
                    }
                  ]
                },
                {
                  "number": 2,
                  "text": "前項の規定による授業料の免除は、学生の申請に基づき、学生支援委員会の議を経て、学長が許可する。",
                  "items": []
                },
                {
                  "number": 3,
                  "text": "前項の申請は、第４条に規定する提出書類に、次の書類を添えなければならない。",
                  "items": [
                    {
                      "number": 1,
                      "text": "学資負担者の死亡を理由に出願する場合は、死亡を証明する書類"
                    },
                    {
                      "number": 2,
                      "text": "学生又は学資負担者の災害を理由に出願する場合は、居住地の市区町村長の発行する罹災証明書"
                    }
                  ]
                }
              ]
            },
            {
              "type": "article",
              "number": {
                "article": 10,
                "branch": null
              },
              "title": "準用規定",
              "paragraphs": [
                {
                  "number": 1,
                  "text": "第３条の規定は、前条の場合に準用する。",
                  "items": []
                }
              ]
            },
            {
              "type": "article",
              "number": {
                "article": 11,
                "branch": null
              },
              "title": "怠納による除籍の場合",
              "paragraphs": [
                {
                  "number": 1,
                  "text": "授業料を納付しないため除籍した場合は、未納の授業料の全額を免除することができる。",
                  "items": []
                }
              ]
            }
          ]
        },
        {
          "type": "section",
          "number": 3,
          "title": "成績優秀者の免除",
          "children": [
            {
              "type": "article",
              "number": {
                "article": 11,
                "branch": 2
              },
              "title": "成績優秀者の免除",
              "paragraphs": [
                {
                  "number": 1,
                  "text": "学業等成績優秀な学生に対して、授業料を免除することができる。",
                  "items": []
                },
                {
                  "number": 2,
                  "text": "免除の選考等については、別に定める。",
                  "items": []
                }
              ]
            }
          ]
        }
      ]
    },
    {
      "type": "chapter",
      "number": 3,
      "title": "寄宿料の免除",
      "children": [
        {
          "type": "article",
          "number": {
            "article": 12,
            "branch": null
          },
          "title": "災害による免除",
          "paragraphs": [
            {
              "number": 1,
              "text": "学長は、学生又は学資負担者が風水害等の災害を受け、納付が著しく困難と認められる場合は、学生の申請に基づき、学部長等の申出により学生支援委員会の議を経て、災害の発生した日の属する月の翌月から起算して６か月間の範囲内において、学長が必要と認める期間に納付すべき寄宿料の全額を免除する。",
              "items": []
            },
            {
              "number": 2,
              "text": "前項の期間が翌年度にわたる場合は、翌年度の当初において、翌年度分に係る免除の申請を改めて行わなければならない。",
              "items": []
            },
            {
              "number": 3,
              "text": "前項の規定による寄宿料の免除を受けようとする者は、所定の申請書に関係書類及び市区町村長の罹災証明書を添えて、学部長等を経て、学長に提出しなければならない。",
              "items": []
            },
            {
              "number": 4,
              "text": "申請書の様式は、教育を担当する理事が別に定める。",
              "items": []
            }
          ]
        },
        {
          "type": "article",
          "number": {
            "article": 13,
            "branch": null
          },
          "title": "授業料の怠納による除籍の場合",
          "paragraphs": [
            {
              "number": 1,
              "text": "授業料を納付しないため除籍した場合は、未納の寄宿料の全額を免除することができる。",
              "items": []
            }
          ]
        },
        {
          "type": "article",
          "number": {
            "article": 14,
            "branch": null
          },
          "title": "準用規定",
          "paragraphs": [
            {
              "number": 1,
              "text": "第８条の規定は、寄宿料の免除について準用する。",
              "items": []
            }
          ]
        }
      ]
    },
    {
      "type": "chapter",
      "number": 4,
      "title": "授業料の徴収猶予",
      "children": [
        {
          "type": "section",
          "number": 1,
          "title": "授業料の徴収猶予",
          "children": [
            {
              "type": "article",
              "number": {
                "article": 15,
                "branch": null
              },
              "title": "徴収の猶予",
              "paragraphs": [
                {
                  "number": 1,
                  "text": "学長は、学生が次の各号の一に該当する場合は、当該学生（学生が行方不明の場合はこれに代わる者）の申請に基づき、学生支援委員会の議を経て、授業料の徴収を猶予することができる。",
                  "items": [
                    {
                      "number": 1,
                      "text": "経済的理由によって納付期限までに授業料の納付が困難と認められ 、かつ、学業優秀と認められる場合"
                    },
                    {
                      "number": 2,
                      "text": "行方不明の場合"
                    },
                    {
                      "number": 3,
                      "text": "学生又は学資負担者が災害を受け、納付が困難であると認められる場合"
                    },
                    {
                      "number": 4,
                      "text": "その他やむを得ない事情があると認められる場合"
                    }
                  ]
                }
              ]
            },
            {
              "type": "article",
              "number": {
                "article": 16,
                "branch": null
              },
              "title": "徴収の猶予期間",
              "paragraphs": [
                {
                  "number": 1,
                  "text": "前条の規定により授業料の徴収を猶予する期間は、次のとおりとする。",
                  "items": [
                    {
                      "number": 1,
                      "text": "第１学期分については、６月１日から９月10日まで"
                    },
                    {
                      "number": 2,
                      "text": "第２学期分については、12月１日から翌年２月10日まで"
                    },
                    {
                      "number": 3,
                      "text": "第１号の許可を受けた者で、やむを得ない理由のため、その納付期限までに納付がなお困難と認められる者に対しては、更に申請に基づき翌年２月10日まで"
                    }
                  ]
                }
              ]
            },
            {
              "type": "article",
              "number": {
                "article": 17,
                "branch": null
              },
              "title": "申請の手続",
              "paragraphs": [
                {
                  "number": 1,
                  "text": "授業料の徴収の猶予を受けようとする者は、所定の申請書に関係書類（第15条第２号の場合を除く｡）を添えて、当該年度に定める所定の期日までに、前条第３号の場合については８月31日までに、学長に提出しなければならない。",
                  "items": []
                },
                {
                  "number": 2,
                  "text": "前項の申請者で、第15条第３号に該当する場合は、市区町村長の罹災証明書を添えなければならない。",
                  "items": []
                },
                {
                  "number": 3,
                  "text": "授業料の免除について申請中の者は、前２項に定める必要書類を省略することができる。",
                  "items": []
                },
                {
                  "number": 4,
                  "text": "申請書の様式は、教育を担当する理事が別に定める。",
                  "items": []
                }
              ]
            },
            {
              "type": "article",
              "number": {
                "article": 18,
                "branch": null
              },
              "title": "月割分納",
              "paragraphs": [
                {
                  "number": 1,
                  "text": "授業料は、その徴収が猶予された期間内に月割分納することができる。この場合の分納額は、授業料年額の12分の１に相当する額とする。",
                  "items": []
                }
              ]
            },
            {
              "type": "article",
              "number": {
                "article": 19,
                "branch": null
              },
              "title": "準用規定",
              "paragraphs": [
                {
                  "number": 1,
                  "text": "第５条及び第６条の規定は、授業料の徴収猶予について準用する。",
                  "items": []
                }
              ]
            },
            {
              "type": "article",
              "number": {
                "article": 20,
                "branch": null
              },
              "title": "休学又は退学の場合",
              "paragraphs": [
                {
                  "number": 1,
                  "text": "第15条の規定に基づき、授業料の徴収を猶予されている学生が徴収の猶予期限以前に休学又は退学を許可された場合は、 月割計算により休学又は退学の翌月以降に納付すべき授業料の全額を免除する。",
                  "items": []
                }
              ]
            }
          ]
        },
        {
          "type": "section",
          "number": 2,
          "title": "独立行政法人日本学生支援機構の授業料後払い制度に係る授業料の",
          "children": [
            {
              "type": "article",
              "number": {
                "article": 21,
                "branch": null
              },
              "title": "申請者の徴収猶予等",
              "paragraphs": [
                {
                  "number": 1,
                  "text": "独立行政法人日本学生支援機構の授業料後払い制度（以下「授業料後払い制度」という。）への採用を希望し申込みをした者に対しては、独立行政法人日本学生支援機構において採用又は不採用が決定するまでの間、授業料の徴収を猶予する。",
                  "items": []
                },
                {
                  "number": 2,
                  "text": "前項の規定により授業料の徴収を猶予された者が授業料後払い制度に採用となった場合は、独立行政法人日本学生支援機構から本学に振り込まれる授業料相当額を当該者の授業料に充てるものとする。",
                  "items": []
                },
                {
                  "number": 3,
                  "text": "第１項の規定により授業料の徴収を猶予された者が授業料後払い制度に不採用となった場合は、当該者は本学が納付するよう通知した日から起算して21日以内に所定の授業料を納入しなければならない。",
                  "items": []
                }
              ]
            }
          ]
        }
      ]
    }
  ],
  "supplementary_provisions": [
    {
      "ordinal": 1,
      "heading_raw": "附  則",
      "raw_text": "この規則は、平成 16 年４月１日から施行する。",
      "references_tables": []
    },
    {
      "ordinal": 2,
      "heading_raw": "附  則（平成 17 年７月１日規則第 545 号）",
      "raw_text": "この規則は、平成 17 年７月１日から施行する。",
      "references_tables": []
    },
    {
      "ordinal": 3,
      "heading_raw": "附  則（平成 20 年３月 26 日規則第 127 号）",
      "raw_text": "この規則は、平成 20 年４月１日から施行する。",
      "references_tables": []
    },
    {
      "ordinal": 4,
      "heading_raw": "附 則（平成20年12月10日規則第52号）",
      "raw_text": "この規則は、平成 21 年４月１日から施行する。",
      "references_tables": []
    },
    {
      "ordinal": 5,
      "heading_raw": "附  則（平成 22 年３月 31 日規則第 124 号）",
      "raw_text": "この規則は、平成 22 年４月１日から施行する。",
      "references_tables": []
    },
    {
      "ordinal": 6,
      "heading_raw": "附  則（平成 24 年５月 23 日規則第 13 号）",
      "raw_text": "この規則は、平成 24 年５月 23 日から施行し、平成 24 年４月１日から適用する。",
      "references_tables": []
    },
    {
      "ordinal": 7,
      "heading_raw": "附  則（平成 24 年６月 27 日規則第 26 号）",
      "raw_text": "この規則は、平成 24 年 10 月１日から施行する。",
      "references_tables": []
    },
    {
      "ordinal": 8,
      "heading_raw": "附  則（平成 25 年１月 23 日規則第 60 号）",
      "raw_text": "この規則は、平成 25 年１月 23 日から施行する。",
      "references_tables": []
    },
    {
      "ordinal": 9,
      "heading_raw": "附  則（平成 28 年３月 23 日規則第 118 号）",
      "raw_text": "この規則は、平成 28 年４月１日から施行する。",
      "references_tables": []
    },
    {
      "ordinal": 10,
      "heading_raw": "附  則（平成 30 年３月 14 日規則第 66 号）",
      "raw_text": "この規則は、平成 30 年４月１日から施行する。",
      "references_tables": []
    },
    {
      "ordinal": 11,
      "heading_raw": "附  則（令和２年３月 24 日規則第 95 号）",
      "raw_text": "この規則は、令和２年４月１日から施行する。",
      "references_tables": []
    },
    {
      "ordinal": 12,
      "heading_raw": "附  則（令和５年 11 月９日規則第 39 号）",
      "raw_text": "この規則は、令和５年 11 月９日から施行する。",
      "references_tables": []
    },
    {
      "ordinal": 13,
      "heading_raw": "附  則（令和６年６月 17 日規則第７号）",
      "raw_text": "この規則は、令和６年６月 17 日から施行し、令和６年度入学生から適用する。",
      "references_tables": []
    },
    {
      "ordinal": 14,
      "heading_raw": "附  則（令和６年 11 月 14 日規則第 44 号）",
      "raw_text": "この規則は、令和７年４月１日から施行する。",
      "references_tables": []
    },
    {
      "ordinal": 15,
      "heading_raw": "附  則（令和７年４月 21 日規則第 10 号）",
      "raw_text": "この規則は、令和７年４月 21 日から施行し、令和７年４月１日から適用する。",
      "references_tables": []
    }
  ],
  "appended_tables": []
}
