---
source: tests/corpus.rs
expression: doc
input_file: sources/国立大学法人高知大学構内交通規則.pdf
---
{
  "title": "国立大学法人高知大学構内交通規則",
  "enacted": {
    "date": {
      "era": "heisei",
      "year": 29,
      "month": 2,
      "day": 20,
      "iso": "2017-02-20"
    },
    "rule_number": {
      "number": 54,
      "year": null,
      "raw": "規則第 54 号"
    },
    "raw": "平成29年２月20日 規則第 54 号"
  },
  "last_amended": {
    "date": {
      "era": "reiwa",
      "year": 8,
      "month": 3,
      "day": 31,
      "iso": "2026-03-31"
    },
    "rule_number": {
      "number": 144,
      "year": null,
      "raw": "規則第 144 号"
    },
    "raw": "最終改正  令和８年３月 31 日規則第 144 号"
  },
  "full_amendment_note": null,
  "body": [
    {
      "type": "article",
      "number": {
        "main": 1,
        "branch": null
      },
      "title": "目的",
      "paragraphs": [
        {
          "number": 1,
          "text": "この規則は、国立大学法人高知大学構内（以下「構内」という。）における自動車及び二輪車（以下「車両」という。）の交通規制に関し必要な事項を定め、もって構内における交通の安全及び良好な教育研究診療環境の確保を図ることを目的とする。",
          "items": []
        }
      ]
    },
    {
      "type": "article",
      "number": {
        "main": 2,
        "branch": null
      },
      "title": "適用範囲",
      "paragraphs": [
        {
          "number": 1,
          "text": "この規則は、次に掲げる各団地に適用する。",
          "items": [
            {
              "number": 1,
              "text": "朝倉団地（朝倉南団地を含む。以下同じ。）",
              "subitems": []
            },
            {
              "number": 2,
              "text": "岡豊団地",
              "subitems": []
            },
            {
              "number": 3,
              "text": "物部団地",
              "subitems": []
            },
            {
              "number": 4,
              "text": "小津団地",
              "subitems": []
            },
            {
              "number": 5,
              "text": "宇佐団地",
              "subitems": []
            }
          ]
        }
      ]
    },
    {
      "type": "article",
      "number": {
        "main": 3,
        "branch": null
      },
      "title": "定義",
      "paragraphs": [
        {
          "number": 1,
          "text": "この規則において「自動車」とは、道路交通法（昭和35年法律第105号）に規定する自動車（自動二輪車を除く。）をいい、「二輪車」とは、同法に規定する自動二輪車、原動機付自転車及び自転車をいう。",
          "items": []
        }
      ]
    },
    {
      "type": "article",
      "number": {
        "main": 4,
        "branch": null
      },
      "title": "遵守事項",
      "paragraphs": [
        {
          "number": 1,
          "text": "構内において車両を運転する者は、道路交通関係法令及び次の各号に掲げる事項を遵守しなければならない。",
          "items": [
            {
              "number": 1,
              "text": "歩行者の安全を第一とし、構内に設置した道路標識、道路標示及び注意書に従うこと。",
              "subitems": []
            },
            {
              "number": 2,
              "text": "車両の走行速度は、時速20ｋｍ以下とすること。",
              "subitems": []
            },
            {
              "number": 3,
              "text": "朝倉団地入構の自動二輪車及び原動機付自転車は構内ではエンジンを停止すること。ただし、郵便等配達のため入構したものは除く。",
              "subitems": []
            },
            {
              "number": 4,
              "text": "行事又は緊急事態等の発生のため、本学が臨時に規制を行うときは、これに従うこと。",
              "subitems": []
            },
            {
              "number": 5,
              "text": "自動車については駐車場、二輪車については駐輪場に駐車すること。",
              "subitems": []
            }
          ]
        }
      ]
    },
    {
      "type": "article",
      "number": {
        "main": 5,
        "branch": null
      },
      "title": "管理責任者",
      "paragraphs": [
        {
          "number": 1,
          "text": "団地ごとに、構内の交通安全及び交通規制に関する事務を掌る者（以下「管理責任者」という。）を置き、岡豊団地にあっては医学部長、物部団地にあっては農林海洋科学部長、その他の団地にあっては理事（財務・労務管理担当）をもって充てる。",
          "items": []
        }
      ]
    },
    {
      "type": "article",
      "number": {
        "main": 6,
        "branch": null
      },
      "title": "自動車による入構者",
      "paragraphs": [
        {
          "number": 1,
          "text": "自動車を運転して本学に入構できる者は、次に掲げる者とし、入構・駐車に当たっては、次条以下に規定するところにより、管理責任者の許可を受けるなどの手続をとらなければならない。",
          "items": [
            {
              "number": 1,
              "text": "本学役員及び職員（本学に勤務する派遣職員を含む。）（以下「役職員」という。）",
              "subitems": []
            },
            {
              "number": 2,
              "text": "本学学生",
              "subitems": []
            },
            {
              "number": 3,
              "text": "本学に用務のために来訪する者",
              "subitems": []
            },
            {
              "number": 4,
              "text": "本学医学部附属病院の来院患者、付添人、見舞客等",
              "subitems": []
            },
            {
              "number": 5,
              "text": "その他管理責任者が許可した者",
              "subitems": []
            }
          ]
        }
      ]
    },
    {
      "type": "article",
      "number": {
        "main": 7,
        "branch": null
      },
      "title": "通勤又は通学のための入構・駐車許可申請",
      "paragraphs": [
        {
          "number": 1,
          "text": "通勤又は通学のため、常態として自動車を運転して本学に入構・駐車をしようとする役職員又は学生は、入構する団地（複数の団地に入構する者にあっては、主として入構する団地とする。以下この条から第10条までにおいて同じ。）の管理責任者に入構・駐車の許可を申請するものとする。",
          "items": []
        }
      ]
    },
    {
      "type": "article",
      "number": {
        "main": 8,
        "branch": null
      },
      "title": "許可証の交付等",
      "paragraphs": [
        {
          "number": 1,
          "text": "前条の申請を受けた管理責任者は、申請の内容を確認の上、申請した役職員又は学生が次の各号のいずれかに該当する場合は入構カードの貸与又は入構・駐車許可証の交付（以下「交付等」という。）をし、該当しない場合は許可しない旨を通知するものとする。",
          "items": [
            {
              "number": 1,
              "text": "役職員のうち通勤距離が片道２ｋｍ以上で、自動車による通勤の届出をしている者",
              "subitems": []
            },
            {
              "number": 2,
              "text": "朝倉団地に通学する学生のうち住所と朝倉団地の距離が16ｋｍを超える者",
              "subitems": []
            },
            {
              "number": 3,
              "text": "岡豊団地に通学する学生のうち通学距離が片道２ｋｍ以上の者",
              "subitems": []
            },
            {
              "number": 4,
              "text": "物部団地及び宇佐団地に通学する学生",
              "subitems": []
            },
            {
              "number": 5,
              "text": "前号までに規定するもののほか、役職員又は学生のうち、身体に障がいがあることその他の事情により、自動車以外の方法での通勤又は通学が困難と所属長又はアドバイザー教員が認める者",
              "subitems": []
            }
          ]
        },
        {
          "number": 2,
          "text": "入構カード及び入構・駐車許可証（以下「許可証等」という。）は、当該年度の末日（申請期間の末日が当該年度内の別の日の場合はその日）までの間有効とし、許可証等の更新を希望する者は、管理責任者が周知するところにより、入構・駐車の許可を申請しなければならない。",
          "items": []
        },
        {
          "number": 3,
          "text": "交付等を受けた者が自動車による通勤又は通学をしなくなったときは、直ちに管理責任者に届け出るとともに、許可証等を返還しなければならない。",
          "items": []
        },
        {
          "number": 4,
          "text": "交付等を受けた者は、自動車の更新その他申請内容に変更があったときは、速やかに再申請を行うものとする。",
          "items": []
        },
        {
          "number": 5,
          "text": "交付等を受けた者が許可証等を紛失又は損傷したときは、管理責任者に申請し、再度交付等を受けなければならない。",
          "items": []
        },
        {
          "number": 6,
          "text": "入構・駐車許可証の交付を受けた者は、カーゲートが設置されていない団地においては、入構・駐車許可証を車両の外部より容易に確認することができる位置に表示しなければならない。",
          "items": []
        }
      ]
    },
    {
      "type": "article",
      "number": {
        "main": 9,
        "branch": null
      },
      "title": "駐車料金",
      "paragraphs": [
        {
          "number": 1,
          "text": "前条の規定により、交付等を受けた者は、次表の駐車料金のうち、入構する団地の駐車料金（次表の月額欄に規定する額に許可された月数（月の途中において許可された場合は当該月を含む。）を乗じて得られた額）を指定する期日までに本学に払い込まなければならない。区   分  岡豊団地を除く団地の駐車料金  岡豊団地の駐車料金年額  月額  年額  月額役職員指定駐車場（役員等）  60,000円  5,000円  72,000円  6,000円常勤職員  36,000円  3,000円  48,000円  4,000円有期雇用職員  36,000円  3,000円  48,000円  4,000円非常勤職員（フルタイム）  36,000円  3,000円  48,000円  4,000円再雇用職員（フルタイム）  36,000円  3,000円  48,000円  4,000円常勤特任職員（フルタイム）  36,000円  3,000円  48,000円  4,000円無期雇用契約転換再雇用職員（フルタイム）  36,000円  3,000円  48,000円  4,000円非常勤職員（パートタイム）  18,000円  1,500円  24,000円  2,000円再雇用職員（短時間）  18,000円  1,500円  24,000円  2,000円非常勤特任職員  18,000円  1,500円  24,000円  2,000円定年前再雇用短時間勤務職員  18,000円  1,500円  24,000円  2,000円無期雇用契約転換再雇用職員（短時間）  18,000円  1,500円  24,000円  2,000円派遣職員  18,000円  1,500円  24,000円  2,000円学   生  12,000円  1,000円  16,800円  1,400円",
          "items": []
        },
        {
          "number": 2,
          "text": "前項の規定にかかわらず、次に掲げる者については、駐車料金を免除するものとする。",
          "items": [
            {
              "number": 1,
              "text": "身体に障がいがあるため自動車で通学する必要があると認められた学生",
              "subitems": []
            },
            {
              "number": 2,
              "text": "高知大学授業料・寄宿料免除及び授業料徴収猶予規則第２条又は第６条の３の規定に基づき授業料の免除又は減免を許可された者",
              "subitems": []
            },
            {
              "number": 3,
              "text": "高知大学みらい基金規則第４条第１項第２号イに規定する事業の支援を受ける者",
              "subitems": []
            }
          ]
        },
        {
          "number": 3,
          "text": "許可証等を返還した者のうち、入構しないこととなった月分（月の途中において入構しなくなった場合は当該月を除く。）の駐車料金の返納を希望する者は、別表１に定める収納窓口に駐車料金返還請求書を提出するものとする。",
          "items": []
        }
      ]
    },
    {
      "type": "article",
      "number": {
        "main": 10,
        "branch": null
      },
      "title": "役職員及び学生以外の者のうち常態として入構することが必要な者の手続",
      "paragraphs": [
        {
          "number": 1,
          "text": "役職員及び学生以外の者のうち、次に掲げる者については、常態として自動車を運転して構内に入構することが教育研究診療又は管理運営上必要なため、交付等をすることができる。",
          "items": [
            {
              "number": 1,
              "text": "国立研究開発法人海洋研究開発機構（ＪＡＭＳＴＥＣ）職員",
              "subitems": []
            },
            {
              "number": 2,
              "text": "放送大学高知学習センター職員及び学生",
              "subitems": []
            },
            {
              "number": 3,
              "text": "高知大学生活協同組合職員その他構内団体の職員で管理責任者が認めた者",
              "subitems": []
            },
            {
              "number": 4,
              "text": "本学の取引業者で管理責任者が認めた者",
              "subitems": []
            },
            {
              "number": 5,
              "text": "その他教育研究診療等のため必要があると管理責任者が認めた者",
              "subitems": []
            }
          ]
        },
        {
          "number": 2,
          "text": "前項に規定する者のうち、交付等を受けようとする者は、入構する団地の管理責任者に入構・駐車の許可を申請するものとする。",
          "items": []
        },
        {
          "number": 3,
          "text": "前項の申請を受けた管理責任者は、申請の内容を確認の上、入構・駐車を許可する場合は交付等を行い、許可しない場合は許可しない旨を通知するものとする。",
          "items": []
        },
        {
          "number": 4,
          "text": "許可証等は、当該年度の末日（申請期間の末日が当該年度内の別の日の場合はその日）までの間有効とし、許可証等の更新を希望する者は、管理責任者が周知するところにより、入構・駐車の許可を申請しなければならない。",
          "items": []
        },
        {
          "number": 5,
          "text": "交付等を受けた者が常態として自動車による入構をしなくなったときは、直ちに管理責任者に届け出るとともに、許可証等を返還しなければならない。",
          "items": []
        },
        {
          "number": 6,
          "text": "交付等を受けた者は、自動車の更新その他申請内容に変更があったときは、速やかに再申請を行うものとする。",
          "items": []
        },
        {
          "number": 7,
          "text": "交付等を受けた者が許可証等を紛失又は損傷したときは、管理責任者に申請し、再度交付等を受けなければならない。",
          "items": []
        },
        {
          "number": 8,
          "text": "入構・駐車許可証の交付を受けた者は、カーゲートが設置されていない団地においては、入構・駐車許可証を車両の外部より容易に確認することができる位置に表示しなければならない。",
          "items": []
        },
        {
          "number": 9,
          "text": "交付等を受けた者は、次表の駐車料金のうち、入構する団地の駐車料金（次表の月額欄に規定する額に許可された月数（月の途中において許可された場合は当該月を含む。）を乗じて得られた額）を指定する期日までに本学に払い込まなければならない。区   分  岡豊団地を除く団地の駐車料金  岡豊団地の駐車料金年額  月額  年額  月額国立研究法人海洋研究開発機構（ＪＡＭＳＴＥＣ）職員常勤職員  36,000円  3,000円非常勤職員（フルタイム）  36,000円  3,000円非常勤職員（パートタイム）  18,000円  1,500円放送大学高知学習センター職員及び学生常勤職員  36,000円  3,000円非常勤職員（フルタイム）  36,000円  3,000円非常勤職員（パートタイム）  18,000円  1,500円学生  12,000円  1,000円高知大学生活協同組合職員その他構内団体の職員で管理責任者が認めた者  36,000円  3,000円  48,000円  4,000円本学の取引業者で管理責任者が認めた者  36,000円  3,000円  48,000円  4,000円教育研究診療等のため必要があると管理責任者が認めた者  36,000円  3,000円  48,000円  4,000円",
          "items": []
        },
        {
          "number": 10,
          "text": "前項の規定にかかわらず、放送大学高知学習センターの学生で、身体に障がいがあるため自動車で通学する必要があると放送大学高知学習センター所長が認めた学生については、駐車料金を免除するものとする。",
          "items": []
        },
        {
          "number": 11,
          "text": "許可証等を返還した者のうち、入構しないこととなった月分（月の途中において入構しなくなった場合は当該月を除く。）の駐車料金の返納を希望する者は、別表１に定める収納窓口に駐車料金返還請求書を提出するものとする。",
          "items": []
        }
      ]
    },
    {
      "type": "article",
      "number": {
        "main": 11,
        "branch": null
      },
      "title": "一時的に入構しようとする者の手続等",
      "paragraphs": [
        {
          "number": 1,
          "text": "前条までに定めるもののほか、第６条に定める者で、自動車を運転して一時的に入構しようとする者は、カーゲートでの駐車券の発行により入構することができる。",
          "items": []
        },
        {
          "number": 2,
          "text": "前項の規定により入構した者は、出構時にカーゲートの自動料金精算機により駐車料金を支払わなければならない。",
          "items": []
        },
        {
          "number": 3,
          "text": "前項の駐車料金は、１回の入構につき、入構後直近の24時までの間の駐車時間に応じて、次表左欄に掲げる区分ごとに次表右欄に掲げる額とする。ただし、入構後30分までは、無料とする。また、24時を超えて駐車する場合は、超える都度、それ以後の駐車時間について、次表左欄に掲げる区分ごとに次表右欄に掲げる額を追加する。区   分  駐車料金",
          "items": []
        },
        {
          "number": 60,
          "text": "分以内  200円",
          "items": []
        },
        {
          "number": 60,
          "text": "分を超え90分以内  300円",
          "items": []
        },
        {
          "number": 90,
          "text": "分を超え120分以内  400円",
          "items": []
        },
        {
          "number": 120,
          "text": "分超  500円",
          "items": []
        },
        {
          "number": 4,
          "text": "前項の規定にかかわらず、医学部附属病院の外来患者、付添人の駐車料金は、１回の入構につき、入構後直近の24時までの間は100円とする。ただし、入構後30分までは、無料とする。また、24時を超えて駐車する場合は、超える都度、100円を追加する。",
          "items": []
        },
        {
          "number": 5,
          "text": "第２項の規定にかかわらず次に掲げるものについては、駐車料金を免除する。",
          "items": [
            {
              "number": 1,
              "text": "本学からの依頼を受けて来学する者",
              "subitems": []
            },
            {
              "number": 2,
              "text": "本学の業務遂行のため一時的に入構が必要な者",
              "subitems": []
            },
            {
              "number": 3,
              "text": "国等の行政機関からの公務による来学者",
              "subitems": []
            },
            {
              "number": 4,
              "text": "本学に寄附等を申し込むため入構が必要な者",
              "subitems": []
            },
            {
              "number": 5,
              "text": "救急用自動車、消防用自動車その他の緊急自動車",
              "subitems": []
            },
            {
              "number": 6,
              "text": "郵便物、新聞、宅配便その他配達のため入構が必要な貨物自動車",
              "subitems": []
            },
            {
              "number": 7,
              "text": "不燃物及び可燃物収集自動車",
              "subitems": []
            },
            {
              "number": 8,
              "text": "その他管理責任者が認めるもの",
              "subitems": []
            }
          ]
        },
        {
          "number": 6,
          "text": "カーゲートを設置していない団地に一時的に入構しようとする者の取扱いについては、管理責任者が別に定める。",
          "items": []
        }
      ]
    },
    {
      "type": "article",
      "number": {
        "main": 12,
        "branch": null
      },
      "title": "違反に対する処置",
      "paragraphs": [
        {
          "number": 1,
          "text": "この規則の規定に違反した場合は、管理責任者は、次の各号に掲げる措置をとることができる。",
          "items": [
            {
              "number": 1,
              "text": "違反事項及び指示事項を記載した警告書を違反車両等に貼付すること。",
              "subitems": []
            },
            {
              "number": 2,
              "text": "違反の態様の著しい者については、入構・駐車の許可を取り消し、以後交付等をしないこと。",
              "subitems": []
            },
            {
              "number": 3,
              "text": "長期間にわたり正当な理由もなく放置された車両又は違反の態様が著しい車両であって、大学の環境保持又は交通に支障をきたしているものについては、相当の警告措置をした上、それを移動すること。",
              "subitems": []
            },
            {
              "number": 4,
              "text": "前号に該当する車両であって、その本来の機能を失っており、かつ、所有者が特定できないものについては、相当の警告をした上、それを廃棄すること。",
              "subitems": []
            }
          ]
        }
      ]
    },
    {
      "type": "article",
      "number": {
        "main": 13,
        "branch": null
      },
      "title": "交通事故",
      "paragraphs": [
        {
          "number": 1,
          "text": "構内で交通事故が発生した場合は、事故の当事者及び目撃者は、直ちに適切な処置を講じるとともに別表２に定める通報窓口に通報しなければならない。通報窓口で通報を受けた者は、関係部局に通報し、必要な対応を行うものとする。",
          "items": []
        }
      ]
    },
    {
      "type": "article",
      "number": {
        "main": 14,
        "branch": null
      },
      "title": "各種様式",
      "paragraphs": [
        {
          "number": 1,
          "text": "この規則に規定する許可証等の様式は、別に定める。",
          "items": []
        }
      ]
    },
    {
      "type": "article",
      "number": {
        "main": 15,
        "branch": null
      },
      "title": "その他",
      "paragraphs": [
        {
          "number": 1,
          "text": "この規則に定めるもののほか、構内の交通に関し必要な事項は、別に定める。",
          "items": []
        }
      ]
    }
  ],
  "supplementary_provisions": [
    {
      "ordinal": 1,
      "heading_raw": "附  則（平成 29 年２月 20 日規則第 54 号）",
      "amendment": {
        "number": 54,
        "year": null,
        "raw": "規則第 54 号"
      },
      "promulgated": {
        "era": "heisei",
        "year": 29,
        "month": 2,
        "day": 20,
        "iso": "2017-02-20"
      },
      "effective": {
        "kind": "date",
        "era": "heisei",
        "year": 29,
        "month": 4,
        "day": 1,
        "iso": "2017-04-01"
      },
      "text": "１  この規則は、平成 29 年４月１日から施行する。\n２  国立大学法人高知大学朝倉団地交通規則及び高知大学物部団地交通規則は廃止する。",
      "references_tables": []
    },
    {
      "ordinal": 2,
      "heading_raw": "附  則（平成 29 年３月 29 日規則第 103 号）",
      "amendment": {
        "number": 103,
        "year": null,
        "raw": "規則第 103 号"
      },
      "promulgated": {
        "era": "heisei",
        "year": 29,
        "month": 3,
        "day": 29,
        "iso": "2017-03-29"
      },
      "effective": {
        "kind": "date",
        "era": "heisei",
        "year": 29,
        "month": 4,
        "day": 1,
        "iso": "2017-04-01"
      },
      "text": "この規則は、平成 29 年４月１日から施行する。",
      "references_tables": []
    },
    {
      "ordinal": 3,
      "heading_raw": "附  則（平成 29 年７月 26 日規則第 17 号）",
      "amendment": {
        "number": 17,
        "year": null,
        "raw": "規則第 17 号"
      },
      "promulgated": {
        "era": "heisei",
        "year": 29,
        "month": 7,
        "day": 26,
        "iso": "2017-07-26"
      },
      "effective": {
        "kind": "date",
        "era": "heisei",
        "year": 29,
        "month": 10,
        "day": 1,
        "iso": "2017-10-01"
      },
      "text": "この規則は、平成 29 年 10 月１日から施行する。",
      "references_tables": []
    },
    {
      "ordinal": 4,
      "heading_raw": "附  則（平成 30 年２月 19 日規則第 50 号）",
      "amendment": {
        "number": 50,
        "year": null,
        "raw": "規則第 50 号"
      },
      "promulgated": {
        "era": "heisei",
        "year": 30,
        "month": 2,
        "day": 19,
        "iso": "2018-02-19"
      },
      "effective": {
        "kind": "date",
        "era": "heisei",
        "year": 30,
        "month": 4,
        "day": 1,
        "iso": "2018-04-01"
      },
      "text": "この規則は、平成 30 年４月１日から施行する。",
      "references_tables": []
    },
    {
      "ordinal": 5,
      "heading_raw": "附  則（平成 30 年３月 28 日規則第 86 号）",
      "amendment": {
        "number": 86,
        "year": null,
        "raw": "規則第 86 号"
      },
      "promulgated": {
        "era": "heisei",
        "year": 30,
        "month": 3,
        "day": 28,
        "iso": "2018-03-28"
      },
      "effective": {
        "kind": "date",
        "era": "heisei",
        "year": 30,
        "month": 4,
        "day": 1,
        "iso": "2018-04-01"
      },
      "text": "この規則は、平成 30 年４月１日から施行する。",
      "references_tables": []
    },
    {
      "ordinal": 6,
      "heading_raw": "附  則（平成 30 年７月 25 日規則第 32 号）",
      "amendment": {
        "number": 32,
        "year": null,
        "raw": "規則第 32 号"
      },
      "promulgated": {
        "era": "heisei",
        "year": 30,
        "month": 7,
        "day": 25,
        "iso": "2018-07-25"
      },
      "effective": {
        "kind": "date",
        "era": "heisei",
        "year": 30,
        "month": 10,
        "day": 1,
        "iso": "2018-10-01"
      },
      "text": "この規則は、平成 30 年 10 月１日から施行する。",
      "references_tables": []
    },
    {
      "ordinal": 7,
      "heading_raw": "附  則（平成 31 年３月 27 日規則第 100 号）",
      "amendment": {
        "number": 100,
        "year": null,
        "raw": "規則第 100 号"
      },
      "promulgated": {
        "era": "heisei",
        "year": 31,
        "month": 3,
        "day": 27,
        "iso": "2019-03-27"
      },
      "effective": {
        "kind": "date",
        "era": "heisei",
        "year": 31,
        "month": 4,
        "day": 1,
        "iso": "2019-04-01"
      },
      "text": "この規則は、平成 31 年４月１日から施行する。",
      "references_tables": []
    },
    {
      "ordinal": 8,
      "heading_raw": "附  則（令和３年２月９日規則第 30 号）",
      "amendment": {
        "number": 30,
        "year": null,
        "raw": "規則第 30 号"
      },
      "promulgated": {
        "era": "reiwa",
        "year": 3,
        "month": 2,
        "day": 9,
        "iso": "2021-02-09"
      },
      "effective": {
        "kind": "date",
        "era": "reiwa",
        "year": 3,
        "month": 2,
        "day": 9,
        "iso": "2021-02-09"
      },
      "text": "この規則は、令和３年２月９日から施行し、令和２年４月１日から適用する。",
      "references_tables": []
    },
    {
      "ordinal": 9,
      "heading_raw": "附  則（令和３年４月６日規則第１号）",
      "amendment": {
        "number": 1,
        "year": null,
        "raw": "規則第１号"
      },
      "promulgated": {
        "era": "reiwa",
        "year": 3,
        "month": 4,
        "day": 6,
        "iso": "2021-04-06"
      },
      "effective": {
        "kind": "date",
        "era": "reiwa",
        "year": 3,
        "month": 4,
        "day": 6,
        "iso": "2021-04-06"
      },
      "text": "この規則は、令和３年４月６日から施行し、令和３年４月１日から適用する。",
      "references_tables": []
    },
    {
      "ordinal": 10,
      "heading_raw": "附  則（令和４年３月 28 日規則第 101 号）",
      "amendment": {
        "number": 101,
        "year": null,
        "raw": "規則第 101 号"
      },
      "promulgated": {
        "era": "reiwa",
        "year": 4,
        "month": 3,
        "day": 28,
        "iso": "2022-03-28"
      },
      "effective": {
        "kind": "date",
        "era": "reiwa",
        "year": 4,
        "month": 4,
        "day": 1,
        "iso": "2022-04-01"
      },
      "text": "この規則は、令和４年４月１日から施行する。",
      "references_tables": []
    },
    {
      "ordinal": 11,
      "heading_raw": "附  則（令和５年４月７日規則第２号）",
      "amendment": {
        "number": 2,
        "year": null,
        "raw": "規則第２号"
      },
      "promulgated": {
        "era": "reiwa",
        "year": 5,
        "month": 4,
        "day": 7,
        "iso": "2023-04-07"
      },
      "effective": {
        "kind": "date",
        "era": "reiwa",
        "year": 5,
        "month": 4,
        "day": 7,
        "iso": "2023-04-07"
      },
      "text": "この規則は、令和５年４月７日から施行し、令和５年４月１日から適用する。",
      "references_tables": []
    },
    {
      "ordinal": 12,
      "heading_raw": "附  則（令和６年３月 15 日規則第 61 号）",
      "amendment": {
        "number": 61,
        "year": null,
        "raw": "規則第 61 号"
      },
      "promulgated": {
        "era": "reiwa",
        "year": 6,
        "month": 3,
        "day": 15,
        "iso": "2024-03-15"
      },
      "effective": {
        "kind": "date",
        "era": "reiwa",
        "year": 6,
        "month": 3,
        "day": 15,
        "iso": "2024-03-15"
      },
      "text": "この規則は、令和６年３月 15 日から施行する。",
      "references_tables": []
    },
    {
      "ordinal": 13,
      "heading_raw": "附  則（令和７年３月 15 日規則第 81 号）",
      "amendment": {
        "number": 81,
        "year": null,
        "raw": "規則第 81 号"
      },
      "promulgated": {
        "era": "reiwa",
        "year": 7,
        "month": 3,
        "day": 15,
        "iso": "2025-03-15"
      },
      "effective": {
        "kind": "date",
        "era": "reiwa",
        "year": 7,
        "month": 4,
        "day": 1,
        "iso": "2025-04-01"
      },
      "text": "この規則は、令和７年４月１日から施行する。",
      "references_tables": []
    },
    {
      "ordinal": 14,
      "heading_raw": "附  則（令和７年３月 31 日規則第 128 号）",
      "amendment": {
        "number": 128,
        "year": null,
        "raw": "規則第 128 号"
      },
      "promulgated": {
        "era": "reiwa",
        "year": 7,
        "month": 3,
        "day": 31,
        "iso": "2025-03-31"
      },
      "effective": {
        "kind": "date",
        "era": "reiwa",
        "year": 7,
        "month": 4,
        "day": 1,
        "iso": "2025-04-01"
      },
      "text": "この規則は、令和７年４月１日から施行する。",
      "references_tables": []
    },
    {
      "ordinal": 15,
      "heading_raw": "附  則（令和８年３月 11 日規則第 100 号）",
      "amendment": {
        "number": 100,
        "year": null,
        "raw": "規則第 100 号"
      },
      "promulgated": {
        "era": "reiwa",
        "year": 8,
        "month": 3,
        "day": 11,
        "iso": "2026-03-11"
      },
      "effective": {
        "kind": "date",
        "era": "reiwa",
        "year": 8,
        "month": 3,
        "day": 11,
        "iso": "2026-03-11"
      },
      "text": "この規則は、令和８年３月 11 日から施行する。ただし、岡豊団地の駐車料金に係る改正\nについては、令和８年 10 月１日から施行する。",
      "references_tables": []
    },
    {
      "ordinal": 16,
      "heading_raw": "附  則（令和８年３月 31 日規則第 144 号）",
      "amendment": {
        "number": 144,
        "year": null,
        "raw": "規則第 144 号"
      },
      "promulgated": {
        "era": "reiwa",
        "year": 8,
        "month": 3,
        "day": 31,
        "iso": "2026-03-31"
      },
      "effective": {
        "kind": "date",
        "era": "reiwa",
        "year": 8,
        "month": 4,
        "day": 1,
        "iso": "2026-04-01"
      },
      "text": "この規則は、令和８年４月１日から施行する。",
      "references_tables": []
    }
  ],
  "appendices": [
    {
      "kind": "table",
      "id": "別表１",
      "related_article_raw": "第９条、第 10 条関係",
      "raw_text": "団地名  収納窓口\n朝倉団地  財務部経理課出納係\n岡豊団地  医学部・病院事務部会計課総務係\n物部団地  総務部物部総務課会計係\n※  業務を第三者に委託する場合は、その委託先を窓口とすることができる。",
      "cells": null
    },
    {
      "kind": "table",
      "id": "別表２",
      "related_article_raw": "第 13 条関係",
      "raw_text": "団地名  通報窓口\n朝倉団地  財務部財務課総務管理係\n岡豊団地  医学部・病院事務部総務企画課総務・広報係\n物部団地  総務部物部総務課会計係\n小津団地  総務部総務課附属学校事務室小津地区学校係\n宇佐団地  研究国際部研究イノベーション課（海洋生物研究教育施設）\nただし、夜間・休日の場合は、岡豊団地は医学部附属病院当直室、その他の団地は朝倉\n守衛室に通報し、そこから緊急連絡網により関係部局へ通報するものとする。",
      "cells": null
    }
  ]
}
