---
source: tests/corpus.rs
expression: doc
input_file: sources/高知大学合宿研修施設使用規則.pdf
---
{
  "title": "高知大学合宿研修施設使用規則",
  "enacted": {
    "date": {
      "era": "heisei",
      "year": 16,
      "month": 4,
      "day": 1,
      "iso": "2004-04-01"
    },
    "rule_number": {
      "number": 156,
      "year": null,
      "raw": "規則第156号"
    },
    "raw": "平成16年４月１日 規則第156号"
  },
  "last_amended": {
    "date": {
      "era": "reiwa",
      "year": 3,
      "month": 9,
      "day": 10,
      "iso": "2021-09-10"
    },
    "rule_number": {
      "number": 20,
      "year": null,
      "raw": "規則第20号"
    },
    "raw": "最終改正  令和３年９月10日規則第20号"
  },
  "full_amendment_note": null,
  "body": [
    {
      "type": "article",
      "number": {
        "main": 1,
        "branch": null
      },
      "title": "趣旨",
      "paragraphs": [
        {
          "number": 1,
          "text": "この規則は、高知大学課外活動施設管理運営規則第４条の規定に基づき、高知大学合宿研修施設（以下「合宿研修施設」という｡）の使用に関し必要な事項を定める。",
          "items": []
        }
      ]
    },
    {
      "type": "article",
      "number": {
        "main": 2,
        "branch": null
      },
      "title": "使用・範囲",
      "paragraphs": [
        {
          "number": 1,
          "text": "合宿研修施設は、本学が企画する行事又は本学が認める学生団体の研修の場として使用するものであって、使用の範囲は、次に定める。",
          "items": [
            {
              "number": 1,
              "text": "本学の企画する行事に関連して行う合宿",
              "subitems": []
            },
            {
              "number": 2,
              "text": "本学の学生の課外活動のために行う合宿",
              "subitems": []
            },
            {
              "number": 3,
              "text": "その他特に理事（教育担当）が必要と認めた場合",
              "subitems": []
            }
          ]
        }
      ]
    },
    {
      "type": "article",
      "number": {
        "main": 3,
        "branch": null
      },
      "title": "使用手続",
      "paragraphs": [
        {
          "number": 1,
          "text": "合宿研修施設を使用する課外活動団体の責任者（以下「責任者」という。）は、使用開始の10日前までに所定の様式により学長に願い出て、許可を得なければならない。",
          "items": []
        },
        {
          "number": 2,
          "text": "前項の許可は、原則として申込順とする。ただし、状況により調整することがある。",
          "items": []
        }
      ]
    },
    {
      "type": "article",
      "number": {
        "main": 4,
        "branch": null
      },
      "title": "使用期間及び鍵の授受",
      "paragraphs": [
        {
          "number": 1,
          "text": "合宿研修施設の使用期間は、原則として１回につき７日以内とする。",
          "items": []
        },
        {
          "number": 2,
          "text": "責任者は、鍵を使用当日の午後４時までに学務部学生支援課から受け取り、使用最終日の午後３時までに学務部学生支援課に返却しなければならない。",
          "items": []
        }
      ]
    },
    {
      "type": "article",
      "number": {
        "main": 5,
        "branch": null
      },
      "title": "使用心得",
      "paragraphs": [
        {
          "number": 1,
          "text": "合宿研修施設を使用する者は、次の各号に掲げる事項を遵守しなければならない。",
          "items": [
            {
              "number": 1,
              "text": "使用目的以外の用途に使用しないこと。",
              "subitems": []
            },
            {
              "number": 2,
              "text": "使用時間を厳守すること。",
              "subitems": []
            },
            {
              "number": 3,
              "text": "建物及び備付物品を損傷しないこと。",
              "subitems": []
            },
            {
              "number": 4,
              "text": "火気に特に注意し、所定の場所以外の熱器具等の使用及び喫煙をしないこと。",
              "subitems": []
            },
            {
              "number": 5,
              "text": "整理整頓に心掛け、朝夕必ず清掃すること。",
              "subitems": []
            },
            {
              "number": 6,
              "text": "盗難に留意し、全員不在となるときは、戸締りを厳重にすること。",
              "subitems": []
            },
            {
              "number": 7,
              "text": "その他係員の指示事項を厳守すること。",
              "subitems": []
            }
          ]
        }
      ]
    },
    {
      "type": "article",
      "number": {
        "main": 6,
        "branch": null
      },
      "title": null,
      "paragraphs": [
        {
          "number": 1,
          "text": "責任者は、合宿日誌に所定の事項を記入しなければならない。",
          "items": []
        }
      ]
    },
    {
      "type": "article",
      "number": {
        "main": 7,
        "branch": null
      },
      "title": null,
      "paragraphs": [
        {
          "number": 1,
          "text": "この規則に違反した場合には、その使用を中止させることがある。",
          "items": []
        }
      ]
    },
    {
      "type": "article",
      "number": {
        "main": 8,
        "branch": null
      },
      "title": null,
      "paragraphs": [
        {
          "number": 1,
          "text": "責任者は、合宿終了後その旨を学務部学生支援課に連絡し、建物及び備付物品の点検を受け、合宿日誌を提出し、借用の用具を返還しなければならない。",
          "items": []
        }
      ]
    },
    {
      "type": "article",
      "number": {
        "main": 9,
        "branch": null
      },
      "title": "損害賠償",
      "paragraphs": [
        {
          "number": 1,
          "text": "使用者が施設、器具等を故意又は過失により滅失又は毀損した場合は、本学の指示に従って速やかに修理し、又は本学の認定した額を賠償しなければならない。",
          "items": []
        }
      ]
    },
    {
      "type": "article",
      "number": {
        "main": 10,
        "branch": null
      },
      "title": "事務",
      "paragraphs": [
        {
          "number": 1,
          "text": "合宿研修施設に関する事務は、学務部学生支援課が行う。",
          "items": []
        }
      ]
    },
    {
      "type": "article",
      "number": {
        "main": 11,
        "branch": null
      },
      "title": "雑則",
      "paragraphs": [
        {
          "number": 1,
          "text": "この規則に定めるもののほか、合宿研修施設の使用に関し必要な事項については、理事（教育担当）が定める。",
          "items": []
        }
      ]
    }
  ],
  "supplementary_provisions": [
    {
      "ordinal": 1,
      "heading_raw": "附  則",
      "amendment": null,
      "promulgated": null,
      "effective": {
        "kind": "date",
        "era": "heisei",
        "year": 16,
        "month": 4,
        "day": 1,
        "iso": "2004-04-01"
      },
      "text": "この規則は、平成16年４月１日から施行する。",
      "references_tables": []
    },
    {
      "ordinal": 2,
      "heading_raw": "附  則（平成17年７月１日規則第545号）",
      "amendment": {
        "number": 545,
        "year": null,
        "raw": "規則第545号"
      },
      "promulgated": {
        "era": "heisei",
        "year": 17,
        "month": 7,
        "day": 1,
        "iso": "2005-07-01"
      },
      "effective": {
        "kind": "date",
        "era": "heisei",
        "year": 17,
        "month": 7,
        "day": 1,
        "iso": "2005-07-01"
      },
      "text": "この規則は、平成17年７月１日から施行する。",
      "references_tables": []
    },
    {
      "ordinal": 3,
      "heading_raw": "附  則（平成28年３月23日規則第118号）",
      "amendment": {
        "number": 118,
        "year": null,
        "raw": "規則第118号"
      },
      "promulgated": {
        "era": "heisei",
        "year": 28,
        "month": 3,
        "day": 23,
        "iso": "2016-03-23"
      },
      "effective": {
        "kind": "date",
        "era": "heisei",
        "year": 28,
        "month": 4,
        "day": 1,
        "iso": "2016-04-01"
      },
      "text": "この規則は、平成28年４月１日から施行する。",
      "references_tables": []
    },
    {
      "ordinal": 4,
      "heading_raw": "附  則（平成30年３月28日規則第86号）",
      "amendment": {
        "number": 86,
        "year": null,
        "raw": "規則第86号"
      },
      "promulgated": {
        "era": "heisei",
        "year": 30,
        "month": 3,
        "day": 28,
        "iso": "2018-03-28"
      },
      "effective": {
        "kind": "date",
        "era": "heisei",
        "year": 30,
        "month": 4,
        "day": 1,
        "iso": "2018-04-01"
      },
      "text": "この規則は、平成30年４月１日から施行する。",
      "references_tables": []
    },
    {
      "ordinal": 5,
      "heading_raw": "附  則（平成31年３月27日規則第100号）",
      "amendment": {
        "number": 100,
        "year": null,
        "raw": "規則第100号"
      },
      "promulgated": {
        "era": "heisei",
        "year": 31,
        "month": 3,
        "day": 27,
        "iso": "2019-03-27"
      },
      "effective": {
        "kind": "date",
        "era": "heisei",
        "year": 31,
        "month": 4,
        "day": 1,
        "iso": "2019-04-01"
      },
      "text": "この規則は、平成31年４月１日から施行する。",
      "references_tables": []
    },
    {
      "ordinal": 6,
      "heading_raw": "附  則（平成31年４月26日規則第15号）",
      "amendment": {
        "number": 15,
        "year": null,
        "raw": "規則第15号"
      },
      "promulgated": {
        "era": "heisei",
        "year": 31,
        "month": 4,
        "day": 26,
        "iso": "2019-04-26"
      },
      "effective": {
        "kind": "date",
        "era": "reiwa",
        "year": 1,
        "month": 5,
        "day": 1,
        "iso": "2019-05-01"
      },
      "text": "この規則は、令和元年５月１日から施行する。",
      "references_tables": []
    },
    {
      "ordinal": 7,
      "heading_raw": "附  則（令和３年９月10日規則第20号）",
      "amendment": {
        "number": 20,
        "year": null,
        "raw": "規則第20号"
      },
      "promulgated": {
        "era": "reiwa",
        "year": 3,
        "month": 9,
        "day": 10,
        "iso": "2021-09-10"
      },
      "effective": {
        "kind": "date",
        "era": "reiwa",
        "year": 3,
        "month": 10,
        "day": 1,
        "iso": "2021-10-01"
      },
      "text": "この規則は、令和３年 10 月１日から施行する。",
      "references_tables": []
    }
  ],
  "appendices": []
}
